// Jest Snapshot v1, https://goo.gl/fbAQLP

exports[`Form List components export matches snapshot 1`] = `"{\\"Form\\":\\"function\\",\\"FormList\\":\\"function\\",\\"ShortcodeViewer\\":\\"function\\"}"`;
