// Jest Snapshot v1, https://goo.gl/fbAQLP

exports[`export has the right types and keys 1`] = `"{\\"EntryViewer\\":\\"function\\",\\"EntryRowActions\\":\\"function\\",\\"Entry\\":\\"function\\",\\"FormEntryViewer\\":\\"function\\",\\"entryType\\":\\"object\\",\\"formType\\":\\"object\\"}"`;
