// Jest Snapshot v1, https://goo.gl/fbAQLP

exports[`Settings export index has the right types and keys 1`] = `"{\\"proLocalSettingsFactory\\":\\"function\\",\\"Settings\\":\\"function\\",\\"SettingsGroup\\":\\"function\\"}"`;
