// Jest Snapshot v1, https://goo.gl/fbAQLP

exports[`File Field  Matches snapshot for not_required_multiple_has_button_text 1`] = `
<div
  className="cf2-dropzone"
>
  <div
    aria-disabled={false}
    className="cf2-file form-control"
    onClick={[Function]}
    onDragEnter={[Function]}
    onDragLeave={[Function]}
    onDragOver={[Function]}
    onDragStart={[Function]}
    onDrop={[Function]}
    style={
      Object {
        "position": "relative",
      }
    }
  >
    <button
      aria-controls="not_required_multiple_has_button_text, cf2-list-files"
      aria-expanded={false}
      className="btn btn-block"
      type="button"
    >
      The Default Text
    </button>
    <input
      accept=""
      autoComplete="off"
      data-field="not_required_multiple_has_button_text"
      disabled={false}
      id="not_required_multiple_has_button_text"
      multiple={true}
      onChange={[Function]}
      style={
        Object {
          "bottom": 0,
          "left": 0,
          "opacity": 0.00001,
          "pointerEvents": "none",
          "position": "absolute",
          "right": 0,
          "top": 0,
        }
      }
      type="file"
    />
  </div>
</div>
`;

exports[`File Field  Matches snapshot for not_required_multiple_no_button_text 1`] = `
<div
  className="cf2-dropzone"
>
  <div
    aria-disabled={false}
    className="cf2-file form-control"
    onClick={[Function]}
    onDragEnter={[Function]}
    onDragLeave={[Function]}
    onDragOver={[Function]}
    onDragStart={[Function]}
    onDrop={[Function]}
    style={
      Object {
        "position": "relative",
      }
    }
  >
    <button
      aria-controls="not_required_multiple_no_button_text, cf2-list-files"
      aria-expanded={false}
      className="btn btn-block"
      type="button"
    >
      The Default Text
    </button>
    <input
      accept=""
      autoComplete="off"
      data-field="not_required_multiple_no_button_text"
      disabled={false}
      id="not_required_multiple_no_button_text"
      multiple={true}
      onChange={[Function]}
      style={
        Object {
          "bottom": 0,
          "left": 0,
          "opacity": 0.00001,
          "pointerEvents": "none",
          "position": "absolute",
          "right": 0,
          "top": 0,
        }
      }
      type="file"
    />
  </div>
</div>
`;

exports[`File Field  Matches snapshot for not_required_single 1`] = `
<div
  className="cf2-dropzone"
>
  <div
    aria-disabled={false}
    className="cf2-file form-control"
    onClick={[Function]}
    onDragEnter={[Function]}
    onDragLeave={[Function]}
    onDragOver={[Function]}
    onDragStart={[Function]}
    onDrop={[Function]}
    style={
      Object {
        "position": "relative",
      }
    }
  >
    <button
      aria-controls="not_required_single, cf2-list-files"
      aria-expanded={false}
      className="btn btn-block"
      type="button"
    >
      The Default Text
    </button>
    <input
      accept=""
      autoComplete="off"
      data-field="not_required_single"
      disabled={false}
      id="not_required_single"
      multiple={true}
      onChange={[Function]}
      style={
        Object {
          "bottom": 0,
          "left": 0,
          "opacity": 0.00001,
          "pointerEvents": "none",
          "position": "absolute",
          "right": 0,
          "top": 0,
        }
      }
      type="file"
    />
  </div>
</div>
`;

exports[`File Field  Matches snapshot for required_multiple_has_button_text 1`] = `
<div
  className="cf2-dropzone"
>
  <div
    aria-disabled={false}
    className="cf2-file form-control"
    onClick={[Function]}
    onDragEnter={[Function]}
    onDragLeave={[Function]}
    onDragOver={[Function]}
    onDragStart={[Function]}
    onDrop={[Function]}
    style={
      Object {
        "position": "relative",
      }
    }
  >
    <button
      aria-controls="required_multiple_has_button_text, cf2-list-files"
      aria-expanded={false}
      className="btn btn-block"
      type="button"
    >
      The Default Text
    </button>
    <input
      accept=""
      autoComplete="off"
      data-field="required_multiple_has_button_text"
      disabled={false}
      id="required_multiple_has_button_text"
      multiple={true}
      onChange={[Function]}
      style={
        Object {
          "bottom": 0,
          "left": 0,
          "opacity": 0.00001,
          "pointerEvents": "none",
          "position": "absolute",
          "right": 0,
          "top": 0,
        }
      }
      type="file"
    />
  </div>
</div>
`;

exports[`File Field  Matches snapshot for required_multiple_no_button_text 1`] = `
<div
  className="cf2-dropzone"
>
  <div
    aria-disabled={false}
    className="cf2-file form-control"
    onClick={[Function]}
    onDragEnter={[Function]}
    onDragLeave={[Function]}
    onDragOver={[Function]}
    onDragStart={[Function]}
    onDrop={[Function]}
    style={
      Object {
        "position": "relative",
      }
    }
  >
    <button
      aria-controls="required_multiple_no_button_text, cf2-list-files"
      aria-expanded={false}
      className="btn btn-block"
      type="button"
    >
      The Default Text
    </button>
    <input
      accept=""
      autoComplete="off"
      data-field="required_multiple_no_button_text"
      disabled={false}
      id="required_multiple_no_button_text"
      multiple={true}
      onChange={[Function]}
      style={
        Object {
          "bottom": 0,
          "left": 0,
          "opacity": 0.00001,
          "pointerEvents": "none",
          "position": "absolute",
          "right": 0,
          "top": 0,
        }
      }
      type="file"
    />
  </div>
</div>
`;

exports[`File Field  Matches snapshot for required_single 1`] = `
<div
  className="cf2-dropzone"
>
  <div
    aria-disabled={false}
    className="cf2-file form-control"
    onClick={[Function]}
    onDragEnter={[Function]}
    onDragLeave={[Function]}
    onDragOver={[Function]}
    onDragStart={[Function]}
    onDrop={[Function]}
    style={
      Object {
        "position": "relative",
      }
    }
  >
    <button
      aria-controls="required_single, cf2-list-files"
      aria-expanded={false}
      className="btn btn-block"
      type="button"
    >
      The Default Text
    </button>
    <input
      accept=""
      autoComplete="off"
      data-field="required_single"
      disabled={false}
      id="required_single"
      multiple={true}
      onChange={[Function]}
      style={
        Object {
          "bottom": 0,
          "left": 0,
          "opacity": 0.00001,
          "pointerEvents": "none",
          "position": "absolute",
          "right": 0,
          "top": 0,
        }
      }
      type="file"
    />
  </div>
</div>
`;

exports[`File Field  Matches snapshot for required_single_allow_png 1`] = `
<div
  className="cf2-dropzone"
>
  <div
    aria-disabled={false}
    className="cf2-file form-control"
    onClick={[Function]}
    onDragEnter={[Function]}
    onDragLeave={[Function]}
    onDragOver={[Function]}
    onDragStart={[Function]}
    onDrop={[Function]}
    style={
      Object {
        "position": "relative",
      }
    }
  >
    <button
      aria-controls="required_single, cf2-list-files"
      aria-expanded={false}
      className="btn btn-block"
      type="button"
    >
      The Default Text
    </button>
    <input
      accept=""
      autoComplete="off"
      data-field="required_single_allow_png"
      disabled={false}
      id="required_single"
      multiple={true}
      onChange={[Function]}
      style={
        Object {
          "bottom": 0,
          "left": 0,
          "opacity": 0.00001,
          "pointerEvents": "none",
          "position": "absolute",
          "right": 0,
          "top": 0,
        }
      }
      type="file"
    />
  </div>
</div>
`;

exports[`File Field  Matches snapshot for value_set_max_upload_size 1`] = `
<div
  className="cf2-dropzone"
>
  <div
    aria-disabled={false}
    className="cf2-file form-control"
    onClick={[Function]}
    onDragEnter={[Function]}
    onDragLeave={[Function]}
    onDragOver={[Function]}
    onDragStart={[Function]}
    onDrop={[Function]}
    style={
      Object {
        "position": "relative",
      }
    }
  >
    <button
      aria-controls="required_multiple_no_button_text, cf2-list-files"
      aria-expanded={false}
      className="btn btn-block"
      type="button"
    >
      The Default Text
    </button>
    <input
      accept=""
      autoComplete="off"
      data-field="required_multiple_no_button_text"
      disabled={false}
      id="required_multiple_no_button_text"
      multiple={true}
      onChange={[Function]}
      style={
        Object {
          "bottom": 0,
          "left": 0,
          "opacity": 0.00001,
          "pointerEvents": "none",
          "position": "absolute",
          "right": 0,
          "top": 0,
        }
      }
      type="file"
    />
  </div>
</div>
`;

exports[`File Field  Matches snapshot for width_40_height_20 1`] = `
<div
  className="cf2-dropzone"
>
  <div
    aria-disabled={false}
    className="cf2-file form-control"
    onClick={[Function]}
    onDragEnter={[Function]}
    onDragLeave={[Function]}
    onDragOver={[Function]}
    onDragStart={[Function]}
    onDrop={[Function]}
    style={
      Object {
        "position": "relative",
      }
    }
  >
    <button
      aria-controls="width_40_height_20, cf2-list-files"
      aria-expanded={false}
      className="btn btn-block"
      type="button"
    >
      The Default Text
    </button>
    <input
      accept=""
      autoComplete="off"
      data-field="width_40_height_20"
      disabled={false}
      id="width_40_height_20"
      multiple={true}
      onChange={[Function]}
      style={
        Object {
          "bottom": 0,
          "left": 0,
          "opacity": 0.00001,
          "pointerEvents": "none",
          "position": "absolute",
          "right": 0,
          "top": 0,
        }
      }
      type="file"
    />
  </div>
</div>
`;
