// Jest Snapshot v1, https://goo.gl/fbAQLP

exports[`util  export index has the right types and keys 1`] = `"{\\"optionFactory\\":\\"function\\",\\"pickArray\\":\\"function\\",\\"settingsProp\\":\\"function\\"}"`;
