// Jest Snapshot v1, https://goo.gl/fbAQLP

exports[`Testing Can snapshot 1`] = `"{\\"roy\\":true}"`;
